// Jest Snapshot v1, https://goo.gl/fbAQLP

exports[`About tests renders correctly 1`] = `undefined`;
