// Jest Snapshot v1, https://goo.gl/fbAQLP

exports[`Cart tests renders correctly 1`] = `undefined`;
