// Jest Snapshot v1, https://goo.gl/fbAQLP

exports[`Contact tests renders correctly 1`] = `undefined`;
