// Jest Snapshot v1, https://goo.gl/fbAQLP

exports[`Error tests renders correctly 1`] = `undefined`;

exports[`OrderConfirm tests renders correctly 1`] = `undefined`;
