// Jest Snapshot v1, https://goo.gl/fbAQLP

exports[`Help tests renders correctly 1`] = `undefined`;
