// Jest Snapshot v1, https://goo.gl/fbAQLP

exports[`OrderConfirm tests renders correctly 1`] = `undefined`;
