// Jest Snapshot v1, https://goo.gl/fbAQLP

exports[`Product tests renders correctly 1`] = `undefined`;
