// Jest Snapshot v1, https://goo.gl/fbAQLP

exports[`ReturnPolicy tests renders correctly 1`] = `undefined`;
