// Jest Snapshot v1, https://goo.gl/fbAQLP

exports[`Signup tests renders correctly 1`] = `undefined`;
